// Jest Snapshot v1, https://goo.gl/fbAQLP

exports[`Pruebas en el FirstApp debe de hacer match con el snapshot 1`] = `
<div>
  <h1
    data-testid="test-title"
  >
     
    Hola Mundo
     
  </h1>
  <p>
    No ahí numero de sub título
  </p>
  <p>
    No ahí numero de sub título
  </p>
  <p>
    Manuel Walter
  </p>
</div>
`;
